// Jest Snapshot v1, https://goo.gl/fbAQLP

exports[`Header snapshot Header renders correctly 1`] = `
<div
  className="height12"
>
  <div
    className="headerList"
  >
    <div
      className="col-xs-12 col-md-10 pull-left"
    >
      <a
        className="btn btn-primary headerButton rightMargin"
        disabled={true}
        onClick={[Function]}
        style={Object {}}
      >
        Produkty
      </a>
      <a
        className="btn btn-info headerButton rightMargin"
        disabled={false}
        onClick={[Function]}
        style={Object {}}
      >
        Zamówienia
      </a>
      <a
        className="btn btn-info headerButton rightMargin"
        disabled={false}
        onClick={[Function]}
        style={Object {}}
      >
        Wysyłki
      </a>
      <a
        className="btn btn-info headerButton rightMargin"
        disabled={false}
        onClick={[Function]}
        style={Object {}}
      >
        Rachunki
      </a>
      <a
        className="btn btn-info headerButton rightMargin"
        disabled={false}
        onClick={[Function]}
        style={Object {}}
      >
        Klienci
      </a>
    </div>
    <div
      className="col-xs-12 col-sm-12 col-md-2 logoutMargin pull-right"
    >
      <button
        className="btn btn-danger btn-block logoutButton headerButton"
        onClick={[Function]}
        type="button"
      >
        Wyloguj
      </button>
    </div>
  </div>
</div>
`;
